
> publicar-esse@0.0.0 build
> vite build

node.exe : 'vite' não 
é reconhecido como um 
comando interno
No C:\Program Files\nod
ejs\npm.ps1:29 
caractere:3
+   & $NODE_EXE 
$NPM_CLI_JS $args
+   ~~~~~~~~~~~~~~~~~~~
~~~~~~~~~~
    + CategoryInfo     
         : NotSpecifi  
  ed: ('vite' não é    
 re...comando inter    
no:String) [], Rem    
oteException
    + FullyQualifiedEr 
   rorId : NativeComm  
  andError
 
ou externo, um 
programa operável ou 
um arquivo em lotes.
